// Jest Snapshot v1, https://goo.gl/fbAQLP

exports[`Create expressots.config.ts Check schema.prisma 1`] = `
"generator client {
  provider = "prisma-client-js"
}

datasource db {
  provider = "mongodb"
  url      = "test"
}

model User {
  id          String   @id @map("_id")
  email       String
  phone       String?
  description String   @db.String
  createdAt   DateTime @default(now())
  updatedAt   DateTime @updatedAt
  photo       Photo

  @@unique([email, phone])
  @@map("user")
}

type Photo {
  height Int
  width  Int
  url    String
}
"
`;

exports[`Create expressots.config.ts should create expressots.config.ts file with the correct content 1`] = `
"import { ExpressoConfig, Pattern } from "./src/@types/config";
const config: ExpressoConfig = {
    sourceRoot: "src",
    scaffoldPattern: Pattern.KEBAB_CASE,
    opinionated: true,
    providers: {
        prisma: {
            schemaName: "schema",
            schemaPath: "src/test",
            entitiesPath: "test/entities-mongodb",
            entityNamePattern: "entity",
        },
    },
};

export default config;
"
`;
